// Jest Snapshot v1, https://goo.gl/fbAQLP

exports[`BreedCardMain should match snapshot Component 1`] = `
.emotion-0 {
  border-radius: 0;
  position: relative;
  cursor: pointer;
  -webkit-background-position: center;
  background-position: center;
  -webkit-background-size: cover;
  background-size: cover;
  background-repeat: no-repeat;
  overflow: hidden;
  max-width: 590px;
  min-height: 90px;
  background-color: #FFF;
  box-shadow: 6px 6px 0px 0px #000000;
  border: 1px solid #090808;
  border-radius: 20px;
}

.emotion-0 img {
  display: block;
  width: 100%;
  object-fit: cover;
}

.emotion-0:hover,
.emotion-0:active {
  box-shadow: 6px 6px 8px 0px #921FED;
}

.emotion-1 {
  display: -webkit-inline-box;
  display: -webkit-inline-flex;
  display: -ms-inline-flexbox;
  display: inline-flex;
  -webkit-align-items: center;
  -webkit-box-align: center;
  -ms-flex-align: center;
  align-items: center;
  -webkit-box-pack: center;
  -ms-flex-pack: center;
  -webkit-justify-content: center;
  justify-content: center;
  position: relative;
  box-sizing: border-box;
  -webkit-tap-highlight-color: transparent;
  background-color: transparent;
  outline: 0;
  border: 0;
  margin: 0;
  border-radius: 0;
  padding: 0;
  cursor: pointer;
  -webkit-user-select: none;
  -moz-user-select: none;
  -ms-user-select: none;
  user-select: none;
  vertical-align: middle;
  -moz-appearance: none;
  -webkit-appearance: none;
  -webkit-text-decoration: none;
  text-decoration: none;
  color: inherit;
  text-align: center;
  -webkit-flex: 0 0 auto;
  -ms-flex: 0 0 auto;
  flex: 0 0 auto;
  font-size: 2.142857142857143rem;
  padding: 8px;
  border-radius: 50%;
  overflow: visible;
  color: rgba(0, 0, 0, 0.54);
  -webkit-transition: background-color 150ms cubic-bezier(0.4, 0, 0.2, 1) 0ms;
  transition: background-color 150ms cubic-bezier(0.4, 0, 0.2, 1) 0ms;
  border: none;
  box-shadow: none;
  position: absolute;
  top: 10px;
  right: 10px;
}

.emotion-1::-moz-focus-inner {
  border-style: none;
}

.emotion-1.Mui-disabled {
  pointer-events: none;
  cursor: default;
}

@media print {
  .emotion-1 {
    -webkit-print-color-adjust: exact;
    color-adjust: exact;
  }
}

.emotion-1.Mui-disabled {
  background-color: transparent;
  color: rgba(0, 0, 0, 0.26);
}

.emotion-1:hover {
  background-color: none;
  border: none;
  box-shadow: none;
}

.emotion-1:active,
.emotion-1:focus {
  background-color: none;
  border: none;
  box-shadow: none;
}

<div>
  <div
    class="MuiBox-root emotion-0"
    variant="primary"
  >
    <img
      alt=""
      height="100%"
      src=""
    />
    <button
      class="MuiButtonBase-root MuiIconButton-root MuiIconButton-sizeMedium emotion-1"
      tabindex="0"
      type="button"
    >
      <test-file-stub
        aria-hidden="true"
        classname="MuiSvgIcon-root MuiSvgIcon-fontSizeMedium css-1v8usww-MuiSvgIcon-root"
        focusable="false"
      />
    </button>
  </div>
</div>
`;
