// Jest Snapshot v1, https://goo.gl/fbAQLP

exports[`SortingWrap should match snapshot Component 1`] = `
.emotion-0 {
  display: -webkit-box;
  display: -webkit-flex;
  display: -ms-flexbox;
  display: flex;
  -webkit-flex-direction: row;
  -ms-flex-direction: row;
  flex-direction: row;
  -webkit-box-pack: end;
  -ms-flex-pack: end;
  -webkit-justify-content: flex-end;
  justify-content: flex-end;
  margin-bottom: 36px;
}

.emotion-0>:not(style):not(style) {
  margin: 0;
}

.emotion-0>:not(style)~:not(style) {
  margin-left: 16px;
}

.emotion-1 {
  margin: 0;
  font-family: 'Dosis',sans-serif;
  font-weight: 400;
  font-size: 1.4285714285714286rem;
  line-height: 1.5;
  color: #ADA7B8;
}

.emotion-2 {
  display: -webkit-inline-box;
  display: -webkit-inline-flex;
  display: -ms-inline-flexbox;
  display: inline-flex;
  -webkit-align-items: center;
  -webkit-box-align: center;
  -ms-flex-align: center;
  align-items: center;
  -webkit-box-pack: center;
  -ms-flex-pack: center;
  -webkit-justify-content: center;
  justify-content: center;
  position: relative;
  box-sizing: border-box;
  -webkit-tap-highlight-color: transparent;
  background-color: transparent;
  outline: 0;
  border: 0;
  margin: 0;
  border-radius: 0;
  padding: 0;
  cursor: pointer;
  -webkit-user-select: none;
  -moz-user-select: none;
  -ms-user-select: none;
  user-select: none;
  vertical-align: middle;
  -moz-appearance: none;
  -webkit-appearance: none;
  -webkit-text-decoration: none;
  text-decoration: none;
  color: inherit;
  text-align: center;
  -webkit-flex: 0 0 auto;
  -ms-flex: 0 0 auto;
  flex: 0 0 auto;
  font-size: 2.142857142857143rem;
  padding: 8px;
  border-radius: 50%;
  overflow: visible;
  color: rgba(0, 0, 0, 0.54);
  -webkit-transition: background-color 150ms cubic-bezier(0.4, 0, 0.2, 1) 0ms;
  transition: background-color 150ms cubic-bezier(0.4, 0, 0.2, 1) 0ms;
  color: #FCFAFA;
  border: none;
  box-shadow: none;
  padding: 6.4px 28px;
  border-radius: 6px;
  background-color: #E6E6E6;
  box-shadow: 3px 3px 0px 0px #000000;
  border: 0.6px solid #090808;
  -webkit-transition: box-shadow .2s ease;
  transition: box-shadow .2s ease;
  width: 58px;
  height: 36px;
  border: 2px solid #FFCF32;
  background-color: #FFF;
  box-shadow: 3px 3px 0px 0px #FFCF32;
}

.emotion-2::-moz-focus-inner {
  border-style: none;
}

.emotion-2.Mui-disabled {
  pointer-events: none;
  cursor: default;
}

@media print {
  .emotion-2 {
    -webkit-print-color-adjust: exact;
    color-adjust: exact;
  }
}

.emotion-2.Mui-disabled {
  background-color: transparent;
  color: rgba(0, 0, 0, 0.26);
}

.emotion-2:hover {
  background-color: none;
  border: none;
  box-shadow: none;
}

.emotion-2:active,
.emotion-2:focus {
  background-color: none;
  border: none;
  box-shadow: none;
}

.emotion-2:hover {
  box-shadow: 3px 3px 0px 0px #FFCF32;
  border: 1px solid #FFCF32;
  background-color: transparent;
  outline: none;
}

.emotion-2:active,
.emotion-2:focus {
  background-color: #FFCF32;
  box-shadow: 3px 3px 0px 0px #000000;
  border: 1px solid #000000;
}

.emotion-3 {
  display: -webkit-inline-box;
  display: -webkit-inline-flex;
  display: -ms-inline-flexbox;
  display: inline-flex;
  -webkit-align-items: center;
  -webkit-box-align: center;
  -ms-flex-align: center;
  align-items: center;
  -webkit-box-pack: center;
  -ms-flex-pack: center;
  -webkit-justify-content: center;
  justify-content: center;
  position: relative;
  box-sizing: border-box;
  -webkit-tap-highlight-color: transparent;
  background-color: transparent;
  outline: 0;
  border: 0;
  margin: 0;
  border-radius: 0;
  padding: 0;
  cursor: pointer;
  -webkit-user-select: none;
  -moz-user-select: none;
  -ms-user-select: none;
  user-select: none;
  vertical-align: middle;
  -moz-appearance: none;
  -webkit-appearance: none;
  -webkit-text-decoration: none;
  text-decoration: none;
  color: inherit;
  text-align: center;
  -webkit-flex: 0 0 auto;
  -ms-flex: 0 0 auto;
  flex: 0 0 auto;
  font-size: 2.142857142857143rem;
  padding: 8px;
  border-radius: 50%;
  overflow: visible;
  color: rgba(0, 0, 0, 0.54);
  -webkit-transition: background-color 150ms cubic-bezier(0.4, 0, 0.2, 1) 0ms;
  transition: background-color 150ms cubic-bezier(0.4, 0, 0.2, 1) 0ms;
  color: #FCFAFA;
  border: none;
  box-shadow: none;
  padding: 6.4px 28px;
  border-radius: 6px;
  background-color: #E6E6E6;
  box-shadow: 3px 3px 0px 0px #000000;
  border: 0.6px solid #090808;
  -webkit-transition: box-shadow .2s ease;
  transition: box-shadow .2s ease;
  width: 58px;
  height: 36px;
}

.emotion-3::-moz-focus-inner {
  border-style: none;
}

.emotion-3.Mui-disabled {
  pointer-events: none;
  cursor: default;
}

@media print {
  .emotion-3 {
    -webkit-print-color-adjust: exact;
    color-adjust: exact;
  }
}

.emotion-3.Mui-disabled {
  background-color: transparent;
  color: rgba(0, 0, 0, 0.26);
}

.emotion-3:hover {
  background-color: none;
  border: none;
  box-shadow: none;
}

.emotion-3:active,
.emotion-3:focus {
  background-color: none;
  border: none;
  box-shadow: none;
}

.emotion-3:hover {
  box-shadow: 3px 3px 0px 0px #FFCF32;
  border: 1px solid #FFCF32;
  background-color: transparent;
  outline: none;
}

.emotion-3:active,
.emotion-3:focus {
  background-color: #FFCF32;
  box-shadow: 3px 3px 0px 0px #000000;
  border: 1px solid #000000;
}

<div>
  <div
    class="MuiStack-root emotion-0"
  >
    <p
      class="MuiTypography-root MuiTypography-body1 emotion-1"
    >
      Sort by:
    </p>
    <button
      class="MuiButtonBase-root MuiIconButton-root MuiIconButton-colorSecondary MuiIconButton-sizeMedium emotion-2"
      tabindex="0"
      type="button"
    >
      <test-file-stub
        aria-hidden="true"
        classname="MuiSvgIcon-root MuiSvgIcon-fontSizeMedium css-sdosq-MuiSvgIcon-root"
        focusable="false"
      />
    </button>
    <button
      class="MuiButtonBase-root MuiIconButton-root MuiIconButton-colorSecondary MuiIconButton-sizeMedium emotion-3"
      tabindex="0"
      type="button"
    >
      <test-file-stub
        aria-hidden="true"
        classname="MuiSvgIcon-root MuiSvgIcon-fontSizeMedium css-sdosq-MuiSvgIcon-root"
        focusable="false"
      />
    </button>
    <button
      class="MuiButtonBase-root MuiIconButton-root MuiIconButton-colorSecondary MuiIconButton-sizeMedium emotion-3"
      tabindex="0"
      type="button"
    >
      <test-file-stub
        aria-hidden="true"
        classname="MuiSvgIcon-root MuiSvgIcon-fontSizeMedium css-sdosq-MuiSvgIcon-root"
        focusable="false"
      />
    </button>
  </div>
</div>
`;
