// Jest Snapshot v1, https://goo.gl/fbAQLP

exports[`BreedCardGallery should match snapshot Component 1`] = `
.emotion-0 {
  border-radius: 0;
  position: relative;
  cursor: pointer;
  -webkit-background-position: center;
  background-position: center;
  -webkit-background-size: cover;
  background-size: cover;
  background-repeat: no-repeat;
  overflow: hidden;
  max-width: 590px;
  min-height: 90px;
  background-color: #FFF;
  box-shadow: 6px 6px 0px 0px #000000;
  border: 1px solid #090808;
  border-radius: 20px;
  padding-bottom: 29px;
}

.emotion-0 img {
  display: block;
  width: 100%;
  object-fit: cover;
}

.emotion-0:hover,
.emotion-0:active {
  box-shadow: 6px 6px 8px 0px #921FED;
}

.emotion-1 {
  margin: 0;
  font-family: 'Dosis',sans-serif;
  font-weight: 400;
  font-size: 1.4285714285714286rem;
  line-height: 1.5;
  font-size: 26px;
  color: #5F556D;
}

.emotion-2 {
  margin: 0;
  font-family: 'Dosis',sans-serif;
  font-weight: 400;
  font-size: 1.4285714285714286rem;
  line-height: 1.5;
}

.emotion-3 {
  margin: 0;
  font-family: 'Dosis',sans-serif;
  font-weight: 400;
  font-size: 1.4285714285714286rem;
  line-height: 1.5;
  font-size: 20px;
  color: #5F556D;
}

.emotion-4 {
  margin: 0;
  font-family: 'Dosis',sans-serif;
  font-weight: 400;
  font-size: 1.4285714285714286rem;
  line-height: 1.5;
  font-size: 20px;
  color: #ADA7B8;
}

<div>
  <div
    class="MuiBox-root emotion-0"
    variant="primary"
  >
    <img
      alt=""
      src=""
    />
    <p
      class="MuiTypography-root MuiTypography-body1 emotion-1"
    />
    <p
      class="MuiTypography-root MuiTypography-body1 emotion-2"
    >
      <span
        class="MuiTypography-root MuiTypography-body1 emotion-3"
      >
        Temperament:
      </span>
      <span
        class="MuiTypography-root MuiTypography-body1 emotion-4"
      />
    </p>
  </div>
</div>
`;
