// Jest Snapshot v1, https://goo.gl/fbAQLP

exports[`ArrowRight should match snapshot Component 1`] = `
<div>
  <test-file-stub
    aria-hidden="true"
    classname="MuiSvgIcon-root MuiSvgIcon-fontSizeMedium css-1v8usww-MuiSvgIcon-root"
    focusable="false"
  />
</div>
`;
